// Jest Snapshot v1, https://goo.gl/fbAQLP

exports[`RecipeDetailsPage component should render correctly 1`] = `
ShallowWrapper {
  "length": 1,
  Symbol(enzyme.__root__): [Circular],
  Symbol(enzyme.__unrendered__): <Provider
    store={
      Object {
        "clearActions": [Function],
        "dispatch": [Function],
        "getActions": [Function],
        "getState": [Function],
        "replaceReducer": [Function],
        "subscribe": [Function],
      }
    }
  >
    <BrowserRouter>
      <RecipeDetailsPage
        addFavorite={[MockFunction]}
        addFavoriteError=""
        addFavoriteSuccess=""
        match={
          Object {
            "params": Object {
              "id": 1,
            },
          }
        }
        postReview={[MockFunction]}
        recipeDetails={Object {}}
        setCurrentRecipe={[MockFunction]}
        voteFailureMessage=""
        voteRecipe={[MockFunction]}
        voteSuccessMessage=""
      />
    </BrowserRouter>
  </Provider>,
  Symbol(enzyme.__renderer__): Object {
    "batchedUpdates": [Function],
    "getNode": [Function],
    "render": [Function],
    "simulateEvent": [Function],
    "unmount": [Function],
  },
  Symbol(enzyme.__node__): Object {
    "instance": null,
    "key": undefined,
    "nodeType": "class",
    "props": Object {
      "children": <RecipeDetailsPage
        addFavorite={[MockFunction]}
        addFavoriteError=""
        addFavoriteSuccess=""
        match={
          Object {
            "params": Object {
              "id": 1,
            },
          }
        }
        postReview={[MockFunction]}
        recipeDetails={Object {}}
        setCurrentRecipe={[MockFunction]}
        voteFailureMessage=""
        voteRecipe={[MockFunction]}
        voteSuccessMessage=""
      />,
    },
    "ref": null,
    "rendered": Object {
      "instance": null,
      "key": undefined,
      "nodeType": "class",
      "props": Object {
        "addFavorite": [MockFunction],
        "addFavoriteError": "",
        "addFavoriteSuccess": "",
        "match": Object {
          "params": Object {
            "id": 1,
          },
        },
        "postReview": [MockFunction],
        "recipeDetails": Object {},
        "setCurrentRecipe": [MockFunction],
        "voteFailureMessage": "",
        "voteRecipe": [MockFunction],
        "voteSuccessMessage": "",
      },
      "ref": null,
      "rendered": null,
      "type": [Function],
    },
    "type": [Function],
  },
  Symbol(enzyme.__nodes__): Array [
    Object {
      "instance": null,
      "key": undefined,
      "nodeType": "class",
      "props": Object {
        "children": <RecipeDetailsPage
          addFavorite={[MockFunction]}
          addFavoriteError=""
          addFavoriteSuccess=""
          match={
            Object {
              "params": Object {
                "id": 1,
              },
            }
          }
          postReview={[MockFunction]}
          recipeDetails={Object {}}
          setCurrentRecipe={[MockFunction]}
          voteFailureMessage=""
          voteRecipe={[MockFunction]}
          voteSuccessMessage=""
        />,
      },
      "ref": null,
      "rendered": Object {
        "instance": null,
        "key": undefined,
        "nodeType": "class",
        "props": Object {
          "addFavorite": [MockFunction],
          "addFavoriteError": "",
          "addFavoriteSuccess": "",
          "match": Object {
            "params": Object {
              "id": 1,
            },
          },
          "postReview": [MockFunction],
          "recipeDetails": Object {},
          "setCurrentRecipe": [MockFunction],
          "voteFailureMessage": "",
          "voteRecipe": [MockFunction],
          "voteSuccessMessage": "",
        },
        "ref": null,
        "rendered": null,
        "type": [Function],
      },
      "type": [Function],
    },
  ],
  Symbol(enzyme.__options__): Object {
    "adapter": ReactSixteenAdapter {
      "options": Object {
        "enableComponentDidUpdateOnSetState": true,
      },
    },
  },
}
`;
