// Jest Snapshot v1, https://goo.gl/fbAQLP

exports[`<FlashMessage/> renders flash messsage component without crashing 1`] = `
<div
  className="text-center alert"
/>
`;
