// Jest Snapshot v1, https://goo.gl/fbAQLP

exports[`<Footer/> renders footer component without crashing 1`] = `
<footer
  className="footer"
>
  <div
    className="container"
  >
    <div
      className="row mt-4"
    >
      <div
        className="col-12 col-sm-8 col-md-9 col-lg-10"
      >
        <small
          className="text-white"
          id="copywrite"
        >
          <span
            className="text-warning"
          >
            Â©2018 
          </span>
          Bootcamp27, Andela Nigeria. All rights reserved.
        </small>
      </div>
      <div
        className="col-12 col-sm-4 col-md-3 col-lg-2 text-center"
      >
        <ul
          className="list-inline"
        >
          <li
            className="list-inline-item"
          >
            <a
              href="#"
            >
              <i
                aria-hidden="true"
                className="fa fa-google-plus"
              />
            </a>
          </li>
          <li
            className="list-inline-item"
          >
            <a
              href="#"
            >
              <i
                className="fa fa-github"
              />
            </a>
          </li>
          <li
            className="list-inline-item"
          >
            <a
              href="#"
            >
              <i
                className="fa fa-facebook"
              />
            </a>
          </li>
          <li
            className="list-inline-item"
          >
            <a
              href="#"
            >
              <i
                className="fa fa-twitter"
              />
            </a>
          </li>
        </ul>
      </div>
    </div>
  </div>
</footer>
`;
