// Jest Snapshot v1, https://goo.gl/fbAQLP

exports[`PageHeader component should render correctly 1`] = `
<section
  className="cover text-center mb-3"
>
  <h3
    className="page-text"
  >
    All Recipes
  </h3>
  <hr
    id="favorites"
  />
</section>
`;
